.venv\Scripts\pytest.exe : C:\Users\joshm\Documents\PPTI\Cawu 4\Software Engine
ering\mindsync-model-flask\.venv\Lib\site-packages\pytest_cov\plugin.py:355: 
CovFailUnderWarning: Coverage failure: total of 12.38 is less than 
fail-under=80.00
At line:1 char:1
+ .venv\Scripts\pytest.exe --cov=flaskr --cov-report=term --disable-war ...
+ ~~~~~~~~~~~~~~~~~~~~~~~~~~~~~~~~~~~~~~~~~~~~~~~~~~~~~~~~~~~~~~~~~~~~~
    + CategoryInfo          : NotSpecified: (C:\Users\joshm\...ail-under=80.00 
   :String) [], RemoteException
    + FullyQualifiedErrorId : NativeCommandError
 
  warnings.warn(CovFailUnderWarning(message), stacklevel=1)
============================= test session starts =============================
platform win32 -- Python 3.11.9, pytest-8.3.5, pluggy-1.6.0
rootdir: C:\Users\joshm\Documents\PPTI\Cawu 4\Software Engineering\mindsync-model-flask
configfile: pytest.ini
testpaths: tests
plugins: anyio-4.12.1, cov-6.0.0, flask-1.3.0
collected 189 items / 1 error

ERROR: Coverage failure: total of 12.38 is less than fail-under=80.00

=================================== ERRORS ====================================
________________ ERROR collecting tests/test_model_wrappers.py ________________
ImportError while importing test module 'C:\Users\joshm\Documents\PPTI\Cawu 4\Software Engineering\mindsync-model-flask\tests\test_model_wrappers.py'.
Hint: make sure your test modules/packages have valid Python names.
Traceback:
C:\Users\joshm\AppData\Local\Programs\Python\Python311\Lib\importlib\__init__.py:126: in import_module
    return _bootstrap._gcd_import(name[level:], package, level)
tests\test_model_wrappers.py:4: in <module>
    from flaskr.model import make_prediction, analyze_wellness_factors, categorize_mental_health_score
E   ImportError: cannot import name 'make_prediction' from 'flaskr.model' (C:\Users\joshm\Documents\PPTI\Cawu 4\Software Engineering\mindsync-model-flask\flaskr\model.py)

---------- coverage: platform win32, python 3.11.9-final-0 -----------
Name                 Stmts   Miss Branch BrPart   Cover   Missing
-----------------------------------------------------------------
flaskr\__init__.py      52     45      8      0  11.67%   22-104
flaskr\ai.py            61     52      8      0  13.04%   30-126, 145-235, 254-307
flaskr\cache.py         59     49     10      0  14.49%   19-35, 40-49, 55-69, 74, 79-96
flaskr\db.py           103     16      0      0  84.47%   16-23, 151, 190, 222, 245, 261-265
flaskr\model.py        531    483    166      0   6.89%   39-131, 145-168, 176-206, 212-215, 220-225, 230-242, 255-280, 288-312, 322-381, 388-394, 407-447, 459-464, 515-525, 528-562, 568-587, 601-623, 638-668, 682-735, 751-815, 819-861, 865-913, 917-926, 930-934, 937-944, 948-951, 963-1024, 1029-1044
flaskr\predict.py      458    419    160      0   6.31%   44-124, 130-249, 255-294, 300-350, 356-413, 426-593, 604-768, 777-921, 931-953, 966-1076, 1081-1112, 1119-1135, 1140-1160, 1165-1172, 1177-1197, 1208-1272, 1277-1383
-----------------------------------------------------------------
TOTAL                 1264   1064    352      0  12.38%
Coverage HTML written to dir htmlcov
Coverage XML written to file coverage.xml

FAIL Required test coverage of 80% not reached. Total coverage: 12.38%
=========================== short test summary info ===========================
ERROR tests/test_model_wrappers.py
!!!!!!!!!!!!!!!!!!! Interrupted: 1 error during collection !!!!!!!!!!!!!!!!!!!!
============================== 1 error in 7.79s ===============================
